Γû▓ Next.js 16.2.2 (Turbopack)
- Environments: .env.local

  Creating an optimized production build ...
node.exe : 
At line:1 char:1
+ & "C:\Program 
Files\nodejs/node.exe" "C:\Program 
Files\nodejs/node_mo ...
+ ~~~~~~~~~~~~~~~~~~~~~~~~~~~~~~~~~~
~~~~~~~~~~~~~~~~~~~~~~~~~~~~~~~~~~~
    + CategoryInfo          : NotSp 
   ecified: (:String) [], RemoteEx  
  ception
    + FullyQualifiedErrorId : Nativ 
   eCommandError
 
> Build error occurred
Error: Turbopack build failed with 
1 errors:
./src/app/client/[id]/page.tsx:4:22
`ssr: false` is not allowed with 
`next/dynamic` in Server 
Components. Please move it into a 
Client Component.
  [90m2 |[0m [36mimport[0m 
dynamic [36mfrom[0m 
[32m'next/dynamic'[0m
  [90m3 |[0m
[31m[1m>[0m [90m4 |[0m 
[36mconst[0m 
[33mEpaperViewer[0m = dynamic(() 
=> [36mimport[0m([32m'./EpaperVie
wer'[0m), { ssr: [36mfalse[0m })
  [90m  |[0m                      
[31m[1m^^^^^^^^^^^^^^^^^^^^^^^^^^^
^^^^^^^^^^^^^^^^^^^^^^^^^^^^[0m
  [90m5 |[0m
  [90m6 |[0m [36mexport[0m 
[36mdefault[0m [36masync[0m 
[36mfunction[0m 
[33mClientPage[0m({ params }: { 
params: [33mPromise[0m<{ id: 
string }> }) {
  [90m7 |[0m   [36mconst[0m 
resolvedParams = [36mawait[0m 
params;

Ecmascript file had an error


    at <unknown> (./src/app/client/[
id]/page.tsx:4:22)
